// Jest Snapshot v1, https://goo.gl/fbAQLP

exports[`TaskAdd should render the component 1`] = `
<div
  class="box"
>
  <div
    class="field"
  >
    <label
      class="label"
      for="task"
    >
      Add Task
    </label>
     
    <input
      class="input"
      id="task"
      placeholder="e.g. Remember to write tests for your project!"
      type="text"
    />
     
    <p
      class="content has-text-danger has-text-weight-bold"
    >
      
    </p>
  </div>
</div>
`;
